// Jest Snapshot v1, https://goo.gl/fbAQLP

exports[`Testing App with redux App.js snapshot testing 1`] = `
<div
  className="app"
>
  <div
    className="listss"
  >
    <p
      className="select1"
    >
      Select Category
    </p>
    <p
      className="select3"
    >
      SELECT CATEGORY 
    </p>
    <p
      className="select2"
    >
      FROM
    </p>
    <p
      className="select2"
    >
      HERE
    </p>
    <p
      className="select2"
    >
      = = = &gt; 
    </p>
    <div
      className="lists"
    >
      <p>
        click
      </p>
    </div>
  </div>
  <div
    className="meals"
  >
    <p
      className="meals_title"
    >
      List of Meals :
      
    </p>
    <div
      className="meals_discription"
    >
      <p>
        hello111
      </p>
    </div>
  </div>
</div>
`;
